// Jest Snapshot v1, https://goo.gl/fbAQLP

exports[`renders App/Layout 1`] = `
<div>
  <header
    class="header p-3 text-center"
  >
    <h1>
      Hangman
    </h1>
  </header>
</div>
`;
