// Jest Snapshot v1, https://goo.gl/fbAQLP

exports[`renders App/Layout 1`] = `
<div>
  <div
    class="app"
  >
    <header
      class="header"
    >
      <h1>
        Hangman
      </h1>
    </header>
    <main
      class="main"
    >
      <p>
        Hangman, coming soon..
      </p>
    </main>
    <footer
      class="footer pt-3"
    >
      <h1>
        Â© Oscar Villalta 
        2021
      </h1>
    </footer>
  </div>
</div>
`;
