// Jest Snapshot v1, https://goo.gl/fbAQLP

exports[`renders VirtualKeyboard 1`] = `
<div>
  <div
    class="d-flex flex-wrap game-card m-2"
  >
    <button
      class="p-style-1 btn btn-primary"
      type="button"
      value="A"
    >
      A
    </button>
    <button
      class="p-style-1 btn btn-primary"
      type="button"
      value="B"
    >
      B
    </button>
    <button
      class="p-style-1 btn btn-primary"
      type="button"
      value="C"
    >
      C
    </button>
    <button
      class="p-style-1 btn btn-primary"
      type="button"
      value="D"
    >
      D
    </button>
    <button
      class="p-style-1 btn btn-primary"
      type="button"
      value="E"
    >
      E
    </button>
    <button
      class="p-style-1 btn btn-primary"
      type="button"
      value="F"
    >
      F
    </button>
    <button
      class="p-style-1 btn btn-primary"
      type="button"
      value="G"
    >
      G
    </button>
    <button
      class="p-style-1 btn btn-primary"
      type="button"
      value="H"
    >
      H
    </button>
    <button
      class="p-style-1 btn btn-primary"
      type="button"
      value="I"
    >
      I
    </button>
    <button
      class="p-style-1 btn btn-primary"
      type="button"
      value="J"
    >
      J
    </button>
    <button
      class="p-style-1 btn btn-primary"
      type="button"
      value="K"
    >
      K
    </button>
    <button
      class="p-style-1 btn btn-primary"
      type="button"
      value="L"
    >
      L
    </button>
    <button
      class="p-style-1 btn btn-primary"
      type="button"
      value="M"
    >
      M
    </button>
    <button
      class="p-style-1 btn btn-primary"
      type="button"
      value="N"
    >
      N
    </button>
    <button
      class="p-style-1 btn btn-primary"
      type="button"
      value="O"
    >
      O
    </button>
    <button
      class="p-style-1 btn btn-primary"
      type="button"
      value="P"
    >
      P
    </button>
    <button
      class="p-style-1 btn btn-primary"
      type="button"
      value="Q"
    >
      Q
    </button>
    <button
      class="p-style-1 btn btn-primary"
      type="button"
      value="R"
    >
      R
    </button>
    <button
      class="p-style-1 btn btn-primary"
      type="button"
      value="S"
    >
      S
    </button>
    <button
      class="p-style-1 btn btn-primary"
      type="button"
      value="T"
    >
      T
    </button>
    <button
      class="p-style-1 btn btn-primary"
      type="button"
      value="U"
    >
      U
    </button>
    <button
      class="p-style-1 btn btn-primary"
      type="button"
      value="V"
    >
      V
    </button>
    <button
      class="p-style-1 btn btn-primary"
      type="button"
      value="W"
    >
      W
    </button>
    <button
      class="p-style-1 btn btn-primary"
      type="button"
      value="X"
    >
      X
    </button>
    <button
      class="p-style-1 btn btn-primary"
      type="button"
      value="Y"
    >
      Y
    </button>
    <button
      class="p-style-1 btn btn-primary"
      type="button"
      value="Z"
    >
      Z
    </button>
  </div>
</div>
`;
